MSBuild version 17.9.4+90725d08d for .NET
  Determining projects to restore...
  All projects are up-to-date for restore.
D:\My_PaidProjects\floodApp\Pages\Landing.razor(328,6): error CS0103: The name 'media' does not exist in the current context [D:\My_PaidProjects\floodApp\FloodApp.csproj]

Build FAILED.

D:\My_PaidProjects\floodApp\Pages\Landing.razor(328,6): error CS0103: The name 'media' does not exist in the current context [D:\My_PaidProjects\floodApp\FloodApp.csproj]
    0 Warning(s)
    1 Error(s)

Time Elapsed 00:00:01.00
