MSBuild version 17.9.4+90725d08d for .NET
  Determining projects to restore...
  All projects are up-to-date for restore.
D:\My_PaidProjects\slic-flood-management\Components\Location\LocationForm.razor(74,38): warning CS8625: Cannot convert null literal to non-nullable reference type. [D:\My_PaidProjects\slic-flood-management\FloodApp.csproj]
D:\My_PaidProjects\slic-flood-management\Pages\AgentLocator.razor(12,41): error CS0103: The name 'Nav' does not exist in the current context [D:\My_PaidProjects\slic-flood-management\FloodApp.csproj]

Build FAILED.

D:\My_PaidProjects\slic-flood-management\Components\Location\LocationForm.razor(74,38): warning CS8625: Cannot convert null literal to non-nullable reference type. [D:\My_PaidProjects\slic-flood-management\FloodApp.csproj]
D:\My_PaidProjects\slic-flood-management\Pages\AgentLocator.razor(12,41): error CS0103: The name 'Nav' does not exist in the current context [D:\My_PaidProjects\slic-flood-management\FloodApp.csproj]
    1 Warning(s)
    1 Error(s)

Time Elapsed 00:00:01.82
