MSBuild version 17.9.4+90725d08d for .NET
D:\My_PaidProjects\floodApp\Components\Location\LocationForm.razor(14,9): error RZ9985: Multiple components use the tag 'AppSelect'. Components: FloodApp.Components.AppSelect<TItem>, FloodApp.Components.UI.AppSelect [D:\My_PaidProjects\floodApp\FloodApp.csproj]
D:\My_PaidProjects\floodApp\Components\Pages\Locations.razor(15,13): error RZ9985: Multiple components use the tag 'AppSelect'. Components: FloodApp.Components.AppSelect<TItem>, FloodApp.Components.UI.AppSelect [D:\My_PaidProjects\floodApp\FloodApp.csproj]
D:\My_PaidProjects\floodApp\Components\Pages\Locations.razor(40,37): error RZ9991: The attribute names could not be inferred from bind attribute 'bind-Value'. Bind attributes should be of the form 'bind' or 'bind-value' along with their corresponding optional parameters like 'bind-value:event', 'bind:format' etc. [D:\My_PaidProjects\floodApp\FloodApp.csproj]
D:\My_PaidProjects\floodApp\Pages\RiskLocation.razor(36,35): error RZ9997: Unrecognized attribute 'SvgContent' on child content element 'Icon'. [D:\My_PaidProjects\floodApp\FloodApp.csproj]
D:\My_PaidProjects\floodApp\Pages\RiskLocation.razor(36,152): error RZ9996: Unrecognized child content inside component 'AppButton'. The component 'AppButton' accepts child content through the following top-level items: 'ChildContent', 'Icon'. [D:\My_PaidProjects\floodApp\FloodApp.csproj]
D:\My_PaidProjects\floodApp\Components\UI\AppButton.razor(63,6): error CS0103: The name 'keyframes' does not exist in the current context [D:\My_PaidProjects\floodApp\FloodApp.csproj]
D:\My_PaidProjects\floodApp\Components\Pages\Locations.razor(19,47): error CS1061: 'RenderTreeBuilder' does not contain a definition for 'Name' and no accessible extension method 'Name' accepting a first argument of type 'RenderTreeBuilder' could be found (are you missing a using directive or an assembly reference?) [D:\My_PaidProjects\floodApp\FloodApp.csproj]
D:\My_PaidProjects\floodApp\Components\Pages\Locations.razor(19,45): error CS0201: Only assignment, call, increment, decrement, await, and new object expressions can be used as a statement [D:\My_PaidProjects\floodApp\FloodApp.csproj]
D:\My_PaidProjects\floodApp\Components\Pages\Locations.razor(30,47): error CS1061: 'RenderTreeBuilder' does not contain a definition for 'Name' and no accessible extension method 'Name' accepting a first argument of type 'RenderTreeBuilder' could be found (are you missing a using directive or an assembly reference?) [D:\My_PaidProjects\floodApp\FloodApp.csproj]
D:\My_PaidProjects\floodApp\Components\Pages\Locations.razor(30,45): error CS0201: Only assignment, call, increment, decrement, await, and new object expressions can be used as a statement [D:\My_PaidProjects\floodApp\FloodApp.csproj]
D:\My_PaidProjects\floodApp\Components\Pages\Locations.razor(41,47): error CS1061: 'RenderTreeBuilder' does not contain a definition for 'Name' and no accessible extension method 'Name' accepting a first argument of type 'RenderTreeBuilder' could be found (are you missing a using directive or an assembly reference?) [D:\My_PaidProjects\floodApp\FloodApp.csproj]
D:\My_PaidProjects\floodApp\Components\Pages\Locations.razor(41,45): error CS0201: Only assignment, call, increment, decrement, await, and new object expressions can be used as a statement [D:\My_PaidProjects\floodApp\FloodApp.csproj]
D:\My_PaidProjects\floodApp\Components\Pages\Locations.razor(57,35): error CS0029: Cannot implicitly convert type 'Microsoft.AspNetCore.Components.ElementReference' to 'FloodApp.Components.Map' [D:\My_PaidProjects\floodApp\FloodApp.csproj]
D:\My_PaidProjects\floodApp\Components\Pages\Locations.razor(87,41): error CS1061: 'LocationService' does not contain a definition for 'GetDistrictsByProvince' and no accessible extension method 'GetDistrictsByProvince' accepting a first argument of type 'LocationService' could be found (are you missing a using directive or an assembly reference?) [D:\My_PaidProjects\floodApp\FloodApp.csproj]
D:\My_PaidProjects\floodApp\Components\Pages\Locations.razor(102,37): error CS1061: 'LocationService' does not contain a definition for 'GetTownsByDistrict' and no accessible extension method 'GetTownsByDistrict' accepting a first argument of type 'LocationService' could be found (are you missing a using directive or an assembly reference?) [D:\My_PaidProjects\floodApp\FloodApp.csproj]

Build FAILED.
    5 Warning(s)
    15 Error(s)

Time Elapsed 00:00:03.86
